
target/release/app: formato do arquivo elf64-x86-64

Seções:
Idx Name          Tam.      VMA               LMA               File off  Algn
  0 .interp       0000001c  0000000000000318  0000000000000318  00000318  2**0
                  CONTENTS, ALLOC, LOAD, READONLY, DATA
  1 .note.gnu.property 00000030  0000000000000338  0000000000000338  00000338  2**3
                  CONTENTS, ALLOC, LOAD, READONLY, DATA
  2 .note.gnu.build-id 00000024  0000000000000368  0000000000000368  00000368  2**2
                  CONTENTS, ALLOC, LOAD, READONLY, DATA
  3 .note.ABI-tag 00000020  000000000000038c  000000000000038c  0000038c  2**2
                  CONTENTS, ALLOC, LOAD, READONLY, DATA
  4 .gnu.hash     00000024  00000000000003b0  00000000000003b0  000003b0  2**3
                  CONTENTS, ALLOC, LOAD, READONLY, DATA
  5 .dynsym       00000150  00000000000003d8  00000000000003d8  000003d8  2**3
                  CONTENTS, ALLOC, LOAD, READONLY, DATA
  6 .dynstr       000000de  0000000000000528  0000000000000528  00000528  2**0
                  CONTENTS, ALLOC, LOAD, READONLY, DATA
  7 .gnu.version  0000001c  0000000000000606  0000000000000606  00000606  2**1
                  CONTENTS, ALLOC, LOAD, READONLY, DATA
  8 .gnu.version_r 00000050  0000000000000628  0000000000000628  00000628  2**3
                  CONTENTS, ALLOC, LOAD, READONLY, DATA
  9 .rela.dyn     000000c0  0000000000000678  0000000000000678  00000678  2**3
                  CONTENTS, ALLOC, LOAD, READONLY, DATA
 10 .rela.plt     000000c0  0000000000000738  0000000000000738  00000738  2**3
                  CONTENTS, ALLOC, LOAD, READONLY, DATA
 11 .init         0000001b  0000000000001000  0000000000001000  00001000  2**2
                  CONTENTS, ALLOC, LOAD, READONLY, CODE
 12 .plt          00000090  0000000000001020  0000000000001020  00001020  2**4
                  CONTENTS, ALLOC, LOAD, READONLY, CODE
 13 .plt.got      00000010  00000000000010b0  00000000000010b0  000010b0  2**4
                  CONTENTS, ALLOC, LOAD, READONLY, CODE
 14 .plt.sec      00000080  00000000000010c0  00000000000010c0  000010c0  2**4
                  CONTENTS, ALLOC, LOAD, READONLY, CODE
 15 .text         00000299  0000000000001140  0000000000001140  00001140  2**4
                  CONTENTS, ALLOC, LOAD, READONLY, CODE
 16 .fini         0000000d  00000000000013dc  00000000000013dc  000013dc  2**2
                  CONTENTS, ALLOC, LOAD, READONLY, CODE
 17 .rodata       0000003e  0000000000002000  0000000000002000  00002000  2**2
                  CONTENTS, ALLOC, LOAD, READONLY, DATA
 18 .eh_frame_hdr 00000034  0000000000002040  0000000000002040  00002040  2**2
                  CONTENTS, ALLOC, LOAD, READONLY, DATA
 19 .eh_frame     000000d8  0000000000002078  0000000000002078  00002078  2**3
                  CONTENTS, ALLOC, LOAD, READONLY, DATA
 20 .init_array   00000008  0000000000003d80  0000000000003d80  00002d80  2**3
                  CONTENTS, ALLOC, LOAD, DATA
 21 .fini_array   00000008  0000000000003d88  0000000000003d88  00002d88  2**3
                  CONTENTS, ALLOC, LOAD, DATA
 22 .dynamic      000001f0  0000000000003d90  0000000000003d90  00002d90  2**3
                  CONTENTS, ALLOC, LOAD, DATA
 23 .got          00000080  0000000000003f80  0000000000003f80  00002f80  2**3
                  CONTENTS, ALLOC, LOAD, DATA
 24 .data         00000010  0000000000004000  0000000000004000  00003000  2**3
                  CONTENTS, ALLOC, LOAD, DATA
 25 .bss          00000008  0000000000004010  0000000000004010  00003010  2**0
                  ALLOC
 26 .comment      0000002b  0000000000000000  0000000000000000  00003010  2**0
                  CONTENTS, READONLY
 27 .debug_aranges 00000030  0000000000000000  0000000000000000  0000303b  2**0
                  CONTENTS, READONLY, DEBUGGING, OCTETS
 28 .debug_info   00000e27  0000000000000000  0000000000000000  0000306b  2**0
                  CONTENTS, READONLY, DEBUGGING, OCTETS
 29 .debug_abbrev 000002f5  0000000000000000  0000000000000000  00003e92  2**0
                  CONTENTS, READONLY, DEBUGGING, OCTETS
 30 .debug_line   00000289  0000000000000000  0000000000000000  00004187  2**0
                  CONTENTS, READONLY, DEBUGGING, OCTETS
 31 .debug_str    00000363  0000000000000000  0000000000000000  00004410  2**0
                  CONTENTS, READONLY, DEBUGGING, OCTETS
 32 .debug_line_str 0000018e  0000000000000000  0000000000000000  00004773  2**0
                  CONTENTS, READONLY, DEBUGGING, OCTETS
 33 .debug_loclists 000001c7  0000000000000000  0000000000000000  00004901  2**0
                  CONTENTS, READONLY, DEBUGGING, OCTETS
 34 .debug_rnglists 00000096  0000000000000000  0000000000000000  00004ac8  2**0
                  CONTENTS, READONLY, DEBUGGING, OCTETS

Desmontagem da seção .init:

0000000000001000 <_init>:
    1000:	f3 0f 1e fa          	endbr64 
    1004:	48 83 ec 08          	sub    $0x8,%rsp
    1008:	48 8b 05 d9 2f 00 00 	mov    0x2fd9(%rip),%rax        # 3fe8 <__gmon_start__@Base>
    100f:	48 85 c0             	test   %rax,%rax
    1012:	74 02                	je     1016 <_init+0x16>
    1014:	ff d0                	call   *%rax
    1016:	48 83 c4 08          	add    $0x8,%rsp
    101a:	c3                   	ret    

Desmontagem da seção .plt:

0000000000001020 <.plt>:
    1020:	ff 35 62 2f 00 00    	push   0x2f62(%rip)        # 3f88 <_GLOBAL_OFFSET_TABLE_+0x8>
    1026:	f2 ff 25 63 2f 00 00 	bnd jmp *0x2f63(%rip)        # 3f90 <_GLOBAL_OFFSET_TABLE_+0x10>
    102d:	0f 1f 00             	nopl   (%rax)
    1030:	f3 0f 1e fa          	endbr64 
    1034:	68 00 00 00 00       	push   $0x0
    1039:	f2 e9 e1 ff ff ff    	bnd jmp 1020 <_init+0x20>
    103f:	90                   	nop
    1040:	f3 0f 1e fa          	endbr64 
    1044:	68 01 00 00 00       	push   $0x1
    1049:	f2 e9 d1 ff ff ff    	bnd jmp 1020 <_init+0x20>
    104f:	90                   	nop
    1050:	f3 0f 1e fa          	endbr64 
    1054:	68 02 00 00 00       	push   $0x2
    1059:	f2 e9 c1 ff ff ff    	bnd jmp 1020 <_init+0x20>
    105f:	90                   	nop
    1060:	f3 0f 1e fa          	endbr64 
    1064:	68 03 00 00 00       	push   $0x3
    1069:	f2 e9 b1 ff ff ff    	bnd jmp 1020 <_init+0x20>
    106f:	90                   	nop
    1070:	f3 0f 1e fa          	endbr64 
    1074:	68 04 00 00 00       	push   $0x4
    1079:	f2 e9 a1 ff ff ff    	bnd jmp 1020 <_init+0x20>
    107f:	90                   	nop
    1080:	f3 0f 1e fa          	endbr64 
    1084:	68 05 00 00 00       	push   $0x5
    1089:	f2 e9 91 ff ff ff    	bnd jmp 1020 <_init+0x20>
    108f:	90                   	nop
    1090:	f3 0f 1e fa          	endbr64 
    1094:	68 06 00 00 00       	push   $0x6
    1099:	f2 e9 81 ff ff ff    	bnd jmp 1020 <_init+0x20>
    109f:	90                   	nop
    10a0:	f3 0f 1e fa          	endbr64 
    10a4:	68 07 00 00 00       	push   $0x7
    10a9:	f2 e9 71 ff ff ff    	bnd jmp 1020 <_init+0x20>
    10af:	90                   	nop

Desmontagem da seção .plt.got:

00000000000010b0 <__cxa_finalize@plt>:
    10b0:	f3 0f 1e fa          	endbr64 
    10b4:	f2 ff 25 3d 2f 00 00 	bnd jmp *0x2f3d(%rip)        # 3ff8 <__cxa_finalize@GLIBC_2.2.5>
    10bb:	0f 1f 44 00 00       	nopl   0x0(%rax,%rax,1)

Desmontagem da seção .plt.sec:

00000000000010c0 <write@plt>:
    10c0:	f3 0f 1e fa          	endbr64 
    10c4:	f2 ff 25 cd 2e 00 00 	bnd jmp *0x2ecd(%rip)        # 3f98 <write@GLIBC_2.2.5>
    10cb:	0f 1f 44 00 00       	nopl   0x0(%rax,%rax,1)

00000000000010d0 <__stack_chk_fail@plt>:
    10d0:	f3 0f 1e fa          	endbr64 
    10d4:	f2 ff 25 c5 2e 00 00 	bnd jmp *0x2ec5(%rip)        # 3fa0 <__stack_chk_fail@GLIBC_2.4>
    10db:	0f 1f 44 00 00       	nopl   0x0(%rax,%rax,1)

00000000000010e0 <ioctl@plt>:
    10e0:	f3 0f 1e fa          	endbr64 
    10e4:	f2 ff 25 bd 2e 00 00 	bnd jmp *0x2ebd(%rip)        # 3fa8 <ioctl@GLIBC_2.2.5>
    10eb:	0f 1f 44 00 00       	nopl   0x0(%rax,%rax,1)

00000000000010f0 <close@plt>:
    10f0:	f3 0f 1e fa          	endbr64 
    10f4:	f2 ff 25 b5 2e 00 00 	bnd jmp *0x2eb5(%rip)        # 3fb0 <close@GLIBC_2.2.5>
    10fb:	0f 1f 44 00 00       	nopl   0x0(%rax,%rax,1)

0000000000001100 <read@plt>:
    1100:	f3 0f 1e fa          	endbr64 
    1104:	f2 ff 25 ad 2e 00 00 	bnd jmp *0x2ead(%rip)        # 3fb8 <read@GLIBC_2.2.5>
    110b:	0f 1f 44 00 00       	nopl   0x0(%rax,%rax,1)

0000000000001110 <__printf_chk@plt>:
    1110:	f3 0f 1e fa          	endbr64 
    1114:	f2 ff 25 a5 2e 00 00 	bnd jmp *0x2ea5(%rip)        # 3fc0 <__printf_chk@GLIBC_2.3.4>
    111b:	0f 1f 44 00 00       	nopl   0x0(%rax,%rax,1)

0000000000001120 <open@plt>:
    1120:	f3 0f 1e fa          	endbr64 
    1124:	f2 ff 25 9d 2e 00 00 	bnd jmp *0x2e9d(%rip)        # 3fc8 <open@GLIBC_2.2.5>
    112b:	0f 1f 44 00 00       	nopl   0x0(%rax,%rax,1)

0000000000001130 <sleep@plt>:
    1130:	f3 0f 1e fa          	endbr64 
    1134:	f2 ff 25 95 2e 00 00 	bnd jmp *0x2e95(%rip)        # 3fd0 <sleep@GLIBC_2.2.5>
    113b:	0f 1f 44 00 00       	nopl   0x0(%rax,%rax,1)

Desmontagem da seção .text:

0000000000001140 <main>:

// ioctl commands defined for the pci driver header
#include "ioctl_cmds.h"

int main(int argc, char** argv)
{
    1140:	f3 0f 1e fa          	endbr64 
    1144:	41 57                	push   %r15
      if (__OPEN_NEEDS_MODE (__oflag) && __va_arg_pack_len () < 1)
	{
	  __open_missing_mode ();
	  return __open_2 (__path, __oflag);
	}
      return __open_alias (__path, __oflag, __va_arg_pack ());
    1146:	be 02 00 00 00       	mov    $0x2,%esi
    114b:	48 8d 3d b2 0e 00 00 	lea    0xeb2(%rip),%rdi        # 2004 <_IO_stdin_used+0x4>
}

__fortify_function int
printf (const char *__restrict __fmt, ...)
{
  return __printf_chk (__USE_FORTIFY_LEVEL - 1, __fmt, __va_arg_pack ());
    1152:	4c 8d 3d d5 0e 00 00 	lea    0xed5(%rip),%r15        # 202e <_IO_stdin_used+0x2e>
    1159:	41 56                	push   %r14
    115b:	41 55                	push   %r13
    115d:	4c 8d 2d ab 0e 00 00 	lea    0xeab(%rip),%r13        # 200f <_IO_stdin_used+0xf>
    1164:	41 54                	push   %r12
    1166:	4c 8d 25 b2 0e 00 00 	lea    0xeb2(%rip),%r12        # 201f <_IO_stdin_used+0x1f>
    116d:	55                   	push   %rbp
    116e:	53                   	push   %rbx
    116f:	48 83 ec 18          	sub    $0x18,%rsp
    1173:	64 48 8b 04 25 28 00 	mov    %fs:0x28,%rax
    117a:	00 00 
    117c:	48 89 44 24 08       	mov    %rax,0x8(%rsp)
    1181:	31 c0                	xor    %eax,%eax
		       "the destination buffer");

__fortify_function __wur ssize_t
read (int __fd, void *__buf, size_t __nbytes)
{
  return __glibc_fortify (read, __nbytes, sizeof (char),
    1183:	49 89 e6             	mov    %rsp,%r14
    1186:	e8 95 ff ff ff       	call   1120 <open@plt>
		return -EBUSY;
	}*/

	unsigned int data = 0b00000000000000000000100000010000;

	ioctl(fd, RD_PBUTTONS);
    118b:	be 62 61 00 00       	mov    $0x6162,%esi
	unsigned int data = 0b00000000000000000000100000010000;
    1190:	c7 04 24 10 08 00 00 	movl   $0x810,(%rsp)
    1197:	89 c5                	mov    %eax,%ebp
	ioctl(fd, RD_PBUTTONS);
    1199:	89 c7                	mov    %eax,%edi
    119b:	31 c0                	xor    %eax,%eax
    119d:	e8 3e ff ff ff       	call   10e0 <ioctl@plt>
    11a2:	ba 04 00 00 00       	mov    $0x4,%edx
    11a7:	4c 89 f6             	mov    %r14,%rsi
    11aa:	89 ef                	mov    %ebp,%edi
    11ac:	e8 4f ff ff ff       	call   1100 <read@plt>
    11b1:	8b 14 24             	mov    (%rsp),%edx
    11b4:	4c 89 ee             	mov    %r13,%rsi
    11b7:	bf 01 00 00 00       	mov    $0x1,%edi
    11bc:	48 89 c3             	mov    %rax,%rbx
    11bf:	31 c0                	xor    %eax,%eax
    11c1:	e8 4a ff ff ff       	call   1110 <__printf_chk@plt>
    11c6:	89 da                	mov    %ebx,%edx
    11c8:	4c 89 e6             	mov    %r12,%rsi
    11cb:	bf 01 00 00 00       	mov    $0x1,%edi
    11d0:	31 c0                	xor    %eax,%eax
    11d2:	48 8d 5c 24 04       	lea    0x4(%rsp),%rbx
    11d7:	e8 34 ff ff ff       	call   1110 <__printf_chk@plt>
	retval = read(fd, &data, sizeof(data));
	printf("new data: 0x%X\n", data);
	printf("read %d bytes\n", retval);

	ioctl(fd, WR_LCD_DISPLAY);
    11dc:	be 67 61 00 00       	mov    $0x6167,%esi
    11e1:	89 ef                	mov    %ebp,%edi
    11e3:	31 c0                	xor    %eax,%eax
    11e5:	e8 f6 fe ff ff       	call   10e0 <ioctl@plt>
	retval = write(fd, &data, sizeof(data));
    11ea:	ba 04 00 00 00       	mov    $0x4,%edx
    11ef:	4c 89 f6             	mov    %r14,%rsi
    11f2:	89 ef                	mov    %ebp,%edi
    11f4:	e8 c7 fe ff ff       	call   10c0 <write@plt>
    11f9:	4c 89 fe             	mov    %r15,%rsi
    11fc:	bf 01 00 00 00       	mov    $0x1,%edi
    1201:	89 c2                	mov    %eax,%edx
    1203:	31 c0                	xor    %eax,%eax
    1205:	e8 06 ff ff ff       	call   1110 <__printf_chk@plt>
	printf("wrote %d bytes\n", retval);

	ioctl(fd, WR_RED_LEDS);
    120a:	be 65 61 00 00       	mov    $0x6165,%esi
    120f:	89 ef                	mov    %ebp,%edi
    1211:	31 c0                	xor    %eax,%eax
    1213:	e8 c8 fe ff ff       	call   10e0 <ioctl@plt>
	retval = write(fd, &data, sizeof(data));
    1218:	ba 04 00 00 00       	mov    $0x4,%edx
    121d:	4c 89 f6             	mov    %r14,%rsi
    1220:	89 ef                	mov    %ebp,%edi
    1222:	e8 99 fe ff ff       	call   10c0 <write@plt>
    1227:	4c 89 fe             	mov    %r15,%rsi
    122a:	bf 01 00 00 00       	mov    $0x1,%edi
    122f:	89 c2                	mov    %eax,%edx
    1231:	31 c0                	xor    %eax,%eax
    1233:	e8 d8 fe ff ff       	call   1110 <__printf_chk@plt>
	printf("wrote %d bytes\n", retval);

	for (int i = 1; i < (1 << 8); i = i << 1) {
    1238:	c7 44 24 04 01 00 00 	movl   $0x1,0x4(%rsp)
    123f:	00 
		ioctl(fd, WR_GREEN_LEDS);
    1240:	be 66 61 00 00       	mov    $0x6166,%esi
    1245:	89 ef                	mov    %ebp,%edi
    1247:	31 c0                	xor    %eax,%eax
    1249:	e8 92 fe ff ff       	call   10e0 <ioctl@plt>
		retval = write(fd, &i, sizeof(i));
    124e:	ba 04 00 00 00       	mov    $0x4,%edx
    1253:	48 89 de             	mov    %rbx,%rsi
    1256:	89 ef                	mov    %ebp,%edi
    1258:	e8 63 fe ff ff       	call   10c0 <write@plt>
		sleep(1);
    125d:	bf 01 00 00 00       	mov    $0x1,%edi
    1262:	e8 c9 fe ff ff       	call   1130 <sleep@plt>
	for (int i = 1; i < (1 << 8); i = i << 1) {
    1267:	8b 44 24 04          	mov    0x4(%rsp),%eax
    126b:	01 c0                	add    %eax,%eax
    126d:	89 44 24 04          	mov    %eax,0x4(%rsp)
    1271:	3d ff 00 00 00       	cmp    $0xff,%eax
    1276:	7e c8                	jle    1240 <main+0x100>
	}

	ioctl(fd, RD_SWITCHES);
    1278:	be 61 61 00 00       	mov    $0x6161,%esi
    127d:	89 ef                	mov    %ebp,%edi
    127f:	31 c0                	xor    %eax,%eax
    1281:	e8 5a fe ff ff       	call   10e0 <ioctl@plt>
    1286:	ba 04 00 00 00       	mov    $0x4,%edx
    128b:	4c 89 f6             	mov    %r14,%rsi
    128e:	89 ef                	mov    %ebp,%edi
    1290:	e8 6b fe ff ff       	call   1100 <read@plt>
    1295:	8b 14 24             	mov    (%rsp),%edx
    1298:	4c 89 ee             	mov    %r13,%rsi
    129b:	bf 01 00 00 00       	mov    $0x1,%edi
    12a0:	48 89 c3             	mov    %rax,%rbx
    12a3:	31 c0                	xor    %eax,%eax
    12a5:	e8 66 fe ff ff       	call   1110 <__printf_chk@plt>
    12aa:	bf 01 00 00 00       	mov    $0x1,%edi
    12af:	31 c0                	xor    %eax,%eax
    12b1:	89 da                	mov    %ebx,%edx
    12b3:	4c 89 e6             	mov    %r12,%rsi
    12b6:	e8 55 fe ff ff       	call   1110 <__printf_chk@plt>
	retval = read(fd, &data, sizeof(data));
	printf("new data: 0x%X\n", data);
	printf("read %d bytes\n", retval);
	close(fd);
    12bb:	89 ef                	mov    %ebp,%edi
    12bd:	e8 2e fe ff ff       	call   10f0 <close@plt>
	return 0;
}
    12c2:	48 8b 44 24 08       	mov    0x8(%rsp),%rax
    12c7:	64 48 2b 04 25 28 00 	sub    %fs:0x28,%rax
    12ce:	00 00 
    12d0:	75 11                	jne    12e3 <main+0x1a3>
    12d2:	48 83 c4 18          	add    $0x18,%rsp
    12d6:	31 c0                	xor    %eax,%eax
    12d8:	5b                   	pop    %rbx
    12d9:	5d                   	pop    %rbp
    12da:	41 5c                	pop    %r12
    12dc:	41 5d                	pop    %r13
    12de:	41 5e                	pop    %r14
    12e0:	41 5f                	pop    %r15
    12e2:	c3                   	ret    
    12e3:	e8 e8 fd ff ff       	call   10d0 <__stack_chk_fail@plt>
    12e8:	0f 1f 84 00 00 00 00 	nopl   0x0(%rax,%rax,1)
    12ef:	00 

00000000000012f0 <_start>:
    12f0:	f3 0f 1e fa          	endbr64 
    12f4:	31 ed                	xor    %ebp,%ebp
    12f6:	49 89 d1             	mov    %rdx,%r9
    12f9:	5e                   	pop    %rsi
    12fa:	48 89 e2             	mov    %rsp,%rdx
    12fd:	48 83 e4 f0          	and    $0xfffffffffffffff0,%rsp
    1301:	50                   	push   %rax
    1302:	54                   	push   %rsp
    1303:	45 31 c0             	xor    %r8d,%r8d
    1306:	31 c9                	xor    %ecx,%ecx
    1308:	48 8d 3d 31 fe ff ff 	lea    -0x1cf(%rip),%rdi        # 1140 <main>
    130f:	ff 15 c3 2c 00 00    	call   *0x2cc3(%rip)        # 3fd8 <__libc_start_main@GLIBC_2.34>
    1315:	f4                   	hlt    
    1316:	66 2e 0f 1f 84 00 00 	cs nopw 0x0(%rax,%rax,1)
    131d:	00 00 00 

0000000000001320 <deregister_tm_clones>:
    1320:	48 8d 3d e9 2c 00 00 	lea    0x2ce9(%rip),%rdi        # 4010 <__TMC_END__>
    1327:	48 8d 05 e2 2c 00 00 	lea    0x2ce2(%rip),%rax        # 4010 <__TMC_END__>
    132e:	48 39 f8             	cmp    %rdi,%rax
    1331:	74 15                	je     1348 <deregister_tm_clones+0x28>
    1333:	48 8b 05 a6 2c 00 00 	mov    0x2ca6(%rip),%rax        # 3fe0 <_ITM_deregisterTMCloneTable@Base>
    133a:	48 85 c0             	test   %rax,%rax
    133d:	74 09                	je     1348 <deregister_tm_clones+0x28>
    133f:	ff e0                	jmp    *%rax
    1341:	0f 1f 80 00 00 00 00 	nopl   0x0(%rax)
    1348:	c3                   	ret    
    1349:	0f 1f 80 00 00 00 00 	nopl   0x0(%rax)

0000000000001350 <register_tm_clones>:
    1350:	48 8d 3d b9 2c 00 00 	lea    0x2cb9(%rip),%rdi        # 4010 <__TMC_END__>
    1357:	48 8d 35 b2 2c 00 00 	lea    0x2cb2(%rip),%rsi        # 4010 <__TMC_END__>
    135e:	48 29 fe             	sub    %rdi,%rsi
    1361:	48 89 f0             	mov    %rsi,%rax
    1364:	48 c1 ee 3f          	shr    $0x3f,%rsi
    1368:	48 c1 f8 03          	sar    $0x3,%rax
    136c:	48 01 c6             	add    %rax,%rsi
    136f:	48 d1 fe             	sar    %rsi
    1372:	74 14                	je     1388 <register_tm_clones+0x38>
    1374:	48 8b 05 75 2c 00 00 	mov    0x2c75(%rip),%rax        # 3ff0 <_ITM_registerTMCloneTable@Base>
    137b:	48 85 c0             	test   %rax,%rax
    137e:	74 08                	je     1388 <register_tm_clones+0x38>
    1380:	ff e0                	jmp    *%rax
    1382:	66 0f 1f 44 00 00    	nopw   0x0(%rax,%rax,1)
    1388:	c3                   	ret    
    1389:	0f 1f 80 00 00 00 00 	nopl   0x0(%rax)

0000000000001390 <__do_global_dtors_aux>:
    1390:	f3 0f 1e fa          	endbr64 
    1394:	80 3d 75 2c 00 00 00 	cmpb   $0x0,0x2c75(%rip)        # 4010 <__TMC_END__>
    139b:	75 2b                	jne    13c8 <__do_global_dtors_aux+0x38>
    139d:	55                   	push   %rbp
    139e:	48 83 3d 52 2c 00 00 	cmpq   $0x0,0x2c52(%rip)        # 3ff8 <__cxa_finalize@GLIBC_2.2.5>
    13a5:	00 
    13a6:	48 89 e5             	mov    %rsp,%rbp
    13a9:	74 0c                	je     13b7 <__do_global_dtors_aux+0x27>
    13ab:	48 8b 3d 56 2c 00 00 	mov    0x2c56(%rip),%rdi        # 4008 <__dso_handle>
    13b2:	e8 f9 fc ff ff       	call   10b0 <__cxa_finalize@plt>
    13b7:	e8 64 ff ff ff       	call   1320 <deregister_tm_clones>
    13bc:	c6 05 4d 2c 00 00 01 	movb   $0x1,0x2c4d(%rip)        # 4010 <__TMC_END__>
    13c3:	5d                   	pop    %rbp
    13c4:	c3                   	ret    
    13c5:	0f 1f 00             	nopl   (%rax)
    13c8:	c3                   	ret    
    13c9:	0f 1f 80 00 00 00 00 	nopl   0x0(%rax)

00000000000013d0 <frame_dummy>:
    13d0:	f3 0f 1e fa          	endbr64 
    13d4:	e9 77 ff ff ff       	jmp    1350 <register_tm_clones>

Desmontagem da seção .fini:

00000000000013dc <_fini>:
    13dc:	f3 0f 1e fa          	endbr64 
    13e0:	48 83 ec 08          	sub    $0x8,%rsp
    13e4:	48 83 c4 08          	add    $0x8,%rsp
    13e8:	c3                   	ret    
